Tukubai online command manual

check_inlist_name

【name】

check_inlist_name : Checks data in name format to see if values are
                    on a specified list of values.

[Format]

Usage : check_inlist_name <check_file> <name_file>
Option : --through <string>
Version : Tue Nov 21 17:29:32 JST 2021
Edition: 1

【explanation】

Checks if values in <name_file> appear in the list specified in
<check_file>.

When multiple tag names are separated by "." in <check_file> and specified as a tag group,
a tag group is constructed with the same serial number in multiple lines of <name_file>, 
and a group made up of each value is a list.

If there are errors, the command reports all tag names and list name
which's value is not exist in lists.


<option>
--through <string>
If the value defined in the <name_file> matches <string>, then no
check is performed for that tag.  The default value for <string> is
'_'.  You can specify this option multiple times to specify multiple
<string>s.


[Example 1]

$ cat check
A /tmp/OS_FILE 		<-- tag name and list file name (should be absolute path)
B /tmp/ABC_FILE

$ cat /tmp/OS_FILE
Linux # comment
UNIX # comment
Windows # comment

$ cat /tmp/ABC_FILE
abc # comment
cde # comment

$ cat data
A Linux
B_001 abc
B_002 cde
B_003 fgh
B_004 _ 	<-- "_" is not checked (can be changed with --through option)

$ check_inlist_name check data
B_003 /tmp/ABC_FILE
[usp1 usp@ ~]$ echo $?
1

[Example 2]

multiple checks
$ cat check
A.B list1 	<-- Is the set of "A_n value and B_n value" in the data file (with the same serial number) in the list1 file?
C list2

$ cat list1
1 3 # comment
4 5 # comment

$ cat list2
5 # comment
6 # comment
7 # comment

$ cat data
A_01 1
A_02 2
B_01 3
B_02 4
C 1

$ check_inlist_name check data
A_02 B_02 list1 <-- "pair of value of A_02 and value of B_02" in data file is "2 4" which is not in list1 file
C list2
$ echo $?
1

last modified: Fri Aug 12 12:56:05 JST 2022
Contact us: uecinfo@usp-lab.com
Copyright (c) 2012-2022 Universal Shell Programming Laboratory All Rights